2026-09-12T09:48:19Z senses: mind busy (senses) — skip wake (will re-invite next pass)
2026-09-12T09:48:22Z tg-roz: pane unchanged — no wake (droplet held)
2026-09-12T09:48:26Z haunt: pane unchanged — no wake (droplet held)
2026-09-12T09:48:31Z job: SURPRISE (8 unpredicted pane/task change(s)) [smart-default] — waking
2026-09-12T09:48:36Z job: refractory — last wake of job <1800s ago, holding (retry next pass)
2026-09-12T09:48:47Z pub: pane unchanged — no wake (droplet held)
2026-09-12T09:48:48Z witness: SURPRISE (7 unpredicted pane/task change(s)) [smart-default] — waking
2026-09-12T09:48:49Z genome: SURPRISE (task unpredicted pane/task change(s)) [smart-default] — waking
2026-09-12T09:48:52Z witness: refractory — last wake of witness <1800s ago, holding (retry next pass)
2026-09-12T09:48:53Z tg: change detected [smart-default] — waking
2026-09-12T09:48:54Z health: change detected [smart-default] — waking
2026-09-12T09:48:58Z wake: pane unchanged — no wake (droplet held)
2026-09-12T09:48:59Z tg: mind busy (tg) — skip wake (will re-invite next pass)
2026-09-12T09:49:00Z genome: WOKE mind (genome) to consume its stream
2026-09-12T09:49:00Z health: mind busy (health) — skip wake (will re-invite next pass)
2026-09-12T09:49:25Z discover: pane unchanged — no wake (droplet held)
2026-09-12T09:49:34Z hire: pane unchanged — no wake (droplet held)
2026-09-12T09:49:56Z tg-roz: pane unchanged — no wake (droplet held)
2026-09-12T09:50:17Z adint: change detected [smart-default] — waking
2026-09-12T09:50:32Z pub: pane unchanged — no wake (droplet held)
2026-09-12T09:50:33Z senses: SURPRISE (26 unpredicted pane/task change(s)) [smart-default] — waking
2026-09-12T09:50:36Z haunt: change detected [smart-default] — waking
2026-09-12T09:50:50Z wake: pane unchanged — no wake (droplet held)
2026-09-12T09:51:07Z witness: SURPRISE (7 unpredicted pane/task change(s)) [smart-default] — waking
2026-09-12T09:51:15Z job: SURPRISE (10 unpredicted pane/task change(s)) [smart-default] — waking
2026-09-12T09:51:17Z adint: refractory — last wake of adint <1800s ago, holding (retry next pass)
2026-09-12T09:51:24Z hire: pane unchanged — no wake (droplet held)
2026-09-12T09:51:25Z haunt: refractory — last wake of haunt <1800s ago, holding (retry next pass)
2026-09-12T09:51:27Z senses: mind busy (senses) — skip wake (will re-invite next pass)
2026-09-12T09:51:30Z tg-roz: pane unchanged — no wake (droplet held)
2026-09-12T09:51:33Z witness: refractory — last wake of witness <1800s ago, holding (retry next pass)
2026-09-12T09:51:34Z health: change detected [smart-default] — waking
2026-09-12T09:51:34Z genome: pane unchanged — no wake (droplet held)
2026-09-12T09:51:34Z tg: change detected [smart-default] — waking
2026-09-12T09:51:35Z job: refractory — last wake of job <1800s ago, holding (retry next pass)
2026-09-12T09:51:39Z discover: SURPRISE (2 unpredicted pane/task change(s)) [smart-default] — waking
2026-09-12T09:51:46Z health: mind busy (health) — skip wake (will re-invite next pass)
2026-09-12T09:51:47Z discover: refractory — last wake of discover <1800s ago, holding (retry next pass)
2026-09-12T09:51:47Z tg: WOKE mind (tg) to consume its stream
2026-09-12T09:51:50Z pub: SURPRISE (18 unpredicted pane/task change(s)) [smart-default] — waking
