Obtaining file:///study/work/flask-old (from -r /study/requirements/flask-old.txt (line 18))
  Installing build dependencies: started
  Installing build dependencies: finished with status 'done'
  Checking if build backend supports build_editable: started
  Checking if build backend supports build_editable: finished with status 'done'
  Getting requirements to build editable: started
  Getting requirements to build editable: finished with status 'done'
  Preparing editable metadata (pyproject.toml): started
  Preparing editable metadata (pyproject.toml): finished with status 'done'
Collecting asgiref==3.5.2 (from -r /study/requirements/flask-old.txt (line 1))
  Downloading asgiref-3.5.2-py3-none-any.whl.metadata (9.1 kB)
Collecting attrs==22.1.0 (from -r /study/requirements/flask-old.txt (line 2))
  Downloading attrs-22.1.0-py2.py3-none-any.whl.metadata (11 kB)
Collecting blinker==1.5 (from -r /study/requirements/flask-old.txt (line 3))
  Downloading blinker-1.5-py2.py3-none-any.whl.metadata (1.8 kB)
Collecting click==8.0.0 (from -r /study/requirements/flask-old.txt (line 4))
  Downloading click-8.0.0-py3-none-any.whl.metadata (3.2 kB)
Collecting iniconfig==1.1.1 (from -r /study/requirements/flask-old.txt (line 5))
  Downloading iniconfig-1.1.1-py2.py3-none-any.whl.metadata (2.4 kB)
Collecting itsdangerous==2.0.0 (from -r /study/requirements/flask-old.txt (line 6))
  Downloading itsdangerous-2.0.0-py3-none-any.whl.metadata (2.9 kB)
Collecting packaging==21.3 (from -r /study/requirements/flask-old.txt (line 7))
  Downloading packaging-21.3-py3-none-any.whl.metadata (15 kB)
Requirement already satisfied: pip==24.0 in /study/envs/flask-old/lib/python3.11/site-packages (from -r /study/requirements/flask-old.txt (line 8)) (24.0)
Collecting pluggy==1.0.0 (from -r /study/requirements/flask-old.txt (line 9))
  Downloading pluggy-1.0.0-py2.py3-none-any.whl.metadata (4.3 kB)
Collecting py==1.11.0 (from -r /study/requirements/flask-old.txt (line 10))
  Downloading py-1.11.0-py2.py3-none-any.whl.metadata (2.8 kB)
Collecting pyparsing==3.0.9 (from -r /study/requirements/flask-old.txt (line 11))
  Downloading pyparsing-3.0.9-py3-none-any.whl.metadata (4.2 kB)
Collecting pytest==7.1.2 (from -r /study/requirements/flask-old.txt (line 12))
  Downloading pytest-7.1.2-py3-none-any.whl.metadata (7.8 kB)
Collecting python-dotenv==0.20.0 (from -r /study/requirements/flask-old.txt (line 13))
  Downloading python_dotenv-0.20.0-py3-none-any.whl.metadata (19 kB)
Collecting tomli==2.0.1 (from -r /study/requirements/flask-old.txt (line 14))
  Downloading tomli-2.0.1-py3-none-any.whl.metadata (8.9 kB)
Collecting Jinja2==3.1.2 (from -r /study/requirements/flask-old.txt (line 15))
  Downloading Jinja2-3.1.2-py3-none-any.whl.metadata (3.5 kB)
Collecting MarkupSafe==2.1.5 (from -r /study/requirements/flask-old.txt (line 16))
  Downloading MarkupSafe-2.1.5-cp311-cp311-manylinux_2_17_x86_64.manylinux2014_x86_64.whl.metadata (3.0 kB)
Collecting Werkzeug==2.2.2 (from -r /study/requirements/flask-old.txt (line 17))
  Downloading Werkzeug-2.2.2-py3-none-any.whl.metadata (4.4 kB)
Downloading asgiref-3.5.2-py3-none-any.whl (22 kB)
Downloading attrs-22.1.0-py2.py3-none-any.whl (58 kB)
   ━━━━━━━━━━━━━━━━━━━━━━━━━━━━━━━━━━━━━━━━ 58.8/58.8 kB 391.8 kB/s eta 0:00:00
Downloading blinker-1.5-py2.py3-none-any.whl (12 kB)
Downloading click-8.0.0-py3-none-any.whl (96 kB)
   ━━━━━━━━━━━━━━━━━━━━━━━━━━━━━━━━━━━━━━━━ 96.9/96.9 kB 1.7 MB/s eta 0:00:00
Downloading iniconfig-1.1.1-py2.py3-none-any.whl (5.0 kB)
Downloading itsdangerous-2.0.0-py3-none-any.whl (18 kB)
Downloading packaging-21.3-py3-none-any.whl (40 kB)
   ━━━━━━━━━━━━━━━━━━━━━━━━━━━━━━━━━━━━━━━━ 40.8/40.8 kB 2.9 MB/s eta 0:00:00
Downloading pluggy-1.0.0-py2.py3-none-any.whl (13 kB)
Downloading py-1.11.0-py2.py3-none-any.whl (98 kB)
   ━━━━━━━━━━━━━━━━━━━━━━━━━━━━━━━━━━━━━━━━ 98.7/98.7 kB 2.9 MB/s eta 0:00:00
Downloading pyparsing-3.0.9-py3-none-any.whl (98 kB)
   ━━━━━━━━━━━━━━━━━━━━━━━━━━━━━━━━━━━━━━━━ 98.3/98.3 kB 2.9 MB/s eta 0:00:00
Downloading pytest-7.1.2-py3-none-any.whl (297 kB)
   ━━━━━━━━━━━━━━━━━━━━━━━━━━━━━━━━━━━━━━━━ 297.0/297.0 kB 1.8 MB/s eta 0:00:00
Downloading python_dotenv-0.20.0-py3-none-any.whl (17 kB)
Downloading tomli-2.0.1-py3-none-any.whl (12 kB)
Downloading Jinja2-3.1.2-py3-none-any.whl (133 kB)
   ━━━━━━━━━━━━━━━━━━━━━━━━━━━━━━━━━━━━━━━━ 133.1/133.1 kB 6.7 MB/s eta 0:00:00
Downloading MarkupSafe-2.1.5-cp311-cp311-manylinux_2_17_x86_64.manylinux2014_x86_64.whl (28 kB)
Downloading Werkzeug-2.2.2-py3-none-any.whl (232 kB)
   ━━━━━━━━━━━━━━━━━━━━━━━━━━━━━━━━━━━━━━━━ 232.7/232.7 kB 6.8 MB/s eta 0:00:00
Building wheels for collected packages: Flask
  Building editable for Flask (pyproject.toml): started
  Building editable for Flask (pyproject.toml): finished with status 'done'
  Created wheel for Flask: filename=flask-2.2.2-0.editable-py3-none-any.whl size=3928 sha256=4ea74892c8a26fc57a6ac3008c52b0e60122fd1263c990e57e7a93d8767bb19a
  Stored in directory: /tmp/pip-ephem-wheel-cache-624ja_4z/wheels/00/f1/b7/84feb76ba884d89f0e45685c983e7239c0abdadabb7cee6723
Successfully built Flask
Installing collected packages: iniconfig, tomli, python-dotenv, pyparsing, py, pluggy, MarkupSafe, itsdangerous, click, blinker, attrs, asgiref, Werkzeug, packaging, Jinja2, pytest, Flask
Successfully installed Flask-2.2.2 Jinja2-3.1.2 MarkupSafe-2.1.5 Werkzeug-2.2.2 asgiref-3.5.2 attrs-22.1.0 blinker-1.5 click-8.0.0 iniconfig-1.1.1 itsdangerous-2.0.0 packaging-21.3 pluggy-1.0.0 py-1.11.0 pyparsing-3.0.9 pytest-7.1.2 python-dotenv-0.20.0 tomli-2.0.1
