Obtaining file:///study/work/flask-new (from -r /study/requirements/flask-new.txt (line 14))
  Installing build dependencies: started
  Installing build dependencies: finished with status 'done'
  Checking if build backend supports build_editable: started
  Checking if build backend supports build_editable: finished with status 'done'
  Getting requirements to build editable: started
  Getting requirements to build editable: finished with status 'done'
  Preparing editable metadata (pyproject.toml): started
  Preparing editable metadata (pyproject.toml): finished with status 'done'
Collecting asgiref==3.8.1 (from -r /study/requirements/flask-new.txt (line 1))
  Downloading asgiref-3.8.1-py3-none-any.whl.metadata (9.3 kB)
Collecting blinker==1.9.0 (from -r /study/requirements/flask-new.txt (line 2))
  Downloading blinker-1.9.0-py3-none-any.whl.metadata (1.6 kB)
Collecting click==8.1.3 (from -r /study/requirements/flask-new.txt (line 3))
  Downloading click-8.1.3-py3-none-any.whl.metadata (3.2 kB)
Collecting iniconfig==2.0.0 (from -r /study/requirements/flask-new.txt (line 4))
  Downloading iniconfig-2.0.0-py3-none-any.whl.metadata (2.6 kB)
Collecting itsdangerous==2.2.0 (from -r /study/requirements/flask-new.txt (line 5))
  Downloading itsdangerous-2.2.0-py3-none-any.whl.metadata (1.9 kB)
Collecting Jinja2==3.1.2 (from -r /study/requirements/flask-new.txt (line 6))
  Using cached Jinja2-3.1.2-py3-none-any.whl.metadata (3.5 kB)
Collecting MarkupSafe==2.1.1 (from -r /study/requirements/flask-new.txt (line 7))
  Downloading MarkupSafe-2.1.1.tar.gz (18 kB)
  Installing build dependencies: started
  Installing build dependencies: finished with status 'done'
  Getting requirements to build wheel: started
  Getting requirements to build wheel: finished with status 'done'
  Preparing metadata (pyproject.toml): started
  Preparing metadata (pyproject.toml): finished with status 'done'
Collecting packaging==24.2 (from -r /study/requirements/flask-new.txt (line 8))
  Downloading packaging-24.2-py3-none-any.whl.metadata (3.2 kB)
Requirement already satisfied: pip==24.0 in /study/envs/flask-new/lib/python3.11/site-packages (from -r /study/requirements/flask-new.txt (line 9)) (24.0)
Collecting pluggy==1.5.0 (from -r /study/requirements/flask-new.txt (line 10))
  Downloading pluggy-1.5.0-py3-none-any.whl.metadata (4.8 kB)
Collecting pytest==8.3.3 (from -r /study/requirements/flask-new.txt (line 11))
  Downloading pytest-8.3.3-py3-none-any.whl.metadata (7.5 kB)
Collecting python-dotenv==1.0.1 (from -r /study/requirements/flask-new.txt (line 12))
  Downloading python_dotenv-1.0.1-py3-none-any.whl.metadata (23 kB)
Collecting Werkzeug==3.1.0 (from -r /study/requirements/flask-new.txt (line 13))
  Downloading werkzeug-3.1.0-py3-none-any.whl.metadata (3.7 kB)
Downloading asgiref-3.8.1-py3-none-any.whl (23 kB)
Downloading blinker-1.9.0-py3-none-any.whl (8.5 kB)
Downloading click-8.1.3-py3-none-any.whl (96 kB)
   ━━━━━━━━━━━━━━━━━━━━━━━━━━━━━━━━━━━━━━━━ 96.6/96.6 kB 511.2 kB/s eta 0:00:00
Downloading iniconfig-2.0.0-py3-none-any.whl (5.9 kB)
Downloading itsdangerous-2.2.0-py3-none-any.whl (16 kB)
Using cached Jinja2-3.1.2-py3-none-any.whl (133 kB)
Downloading packaging-24.2-py3-none-any.whl (65 kB)
   ━━━━━━━━━━━━━━━━━━━━━━━━━━━━━━━━━━━━━━━━ 65.5/65.5 kB 2.1 MB/s eta 0:00:00
Downloading pluggy-1.5.0-py3-none-any.whl (20 kB)
Downloading pytest-8.3.3-py3-none-any.whl (342 kB)
   ━━━━━━━━━━━━━━━━━━━━━━━━━━━━━━━━━━━━━━━━ 342.3/342.3 kB 1.7 MB/s eta 0:00:00
Downloading python_dotenv-1.0.1-py3-none-any.whl (19 kB)
Downloading werkzeug-3.1.0-py3-none-any.whl (224 kB)
   ━━━━━━━━━━━━━━━━━━━━━━━━━━━━━━━━━━━━━━━━ 224.4/224.4 kB 5.2 MB/s eta 0:00:00
Building wheels for collected packages: MarkupSafe, Flask
  Building wheel for MarkupSafe (pyproject.toml): started
  Building wheel for MarkupSafe (pyproject.toml): finished with status 'done'
  Created wheel for MarkupSafe: filename=markupsafe-2.1.1-py3-none-any.whl size=9680 sha256=76d30a61e6f29ec78dff2ad054117a94b1de65a2d45aecacc2531fef90638115
  Stored in directory: /root/.cache/pip/wheels/f2/8e/9e/4ee907ff6fb9e145722f0506c46ad9516302d1f424b43220e5
  Building editable for Flask (pyproject.toml): started
  Building editable for Flask (pyproject.toml): finished with status 'done'
  Created wheel for Flask: filename=flask-3.1.0-py3-none-any.whl size=3306 sha256=9cc42793490fe2e57f190648d2fe7d6c1ae1545a20e6be5d34fc6095e2809a57
  Stored in directory: /tmp/pip-ephem-wheel-cache-b050levq/wheels/6c/9a/f2/eec5c4a4bcea0f23f1aa19c186d86709041d9a16eed82b88b4
Successfully built MarkupSafe Flask
Installing collected packages: python-dotenv, pluggy, packaging, MarkupSafe, itsdangerous, iniconfig, click, blinker, asgiref, Werkzeug, pytest, Jinja2, Flask
Successfully installed Flask-3.1.0 Jinja2-3.1.2 MarkupSafe-2.1.1 Werkzeug-3.1.0 asgiref-3.8.1 blinker-1.9.0 click-8.1.3 iniconfig-2.0.0 itsdangerous-2.2.0 packaging-24.2 pluggy-1.5.0 pytest-8.3.3 python-dotenv-1.0.1
