Obtaining file:///study/work/pydantic-new (from -r /study/requirements/pydantic-new.txt (line 48))
  Installing build dependencies: started
  Installing build dependencies: finished with status 'done'
  Checking if build backend supports build_editable: started
  Checking if build backend supports build_editable: finished with status 'done'
  Getting requirements to build editable: started
  Getting requirements to build editable: finished with status 'done'
  Installing backend dependencies: started
  Installing backend dependencies: finished with status 'done'
  Preparing editable metadata (pyproject.toml): started
  Preparing editable metadata (pyproject.toml): finished with status 'done'
Collecting annotated-types==0.7.0 (from -r /study/requirements/pydantic-new.txt (line 1))
  Downloading annotated_types-0.7.0-py3-none-any.whl.metadata (15 kB)
Collecting attrs==24.2.0 (from -r /study/requirements/pydantic-new.txt (line 2))
  Downloading attrs-24.2.0-py3-none-any.whl.metadata (11 kB)
Collecting black==24.8.0 (from -r /study/requirements/pydantic-new.txt (line 3))
  Downloading black-24.8.0-cp311-cp311-manylinux_2_17_x86_64.manylinux2014_x86_64.manylinux_2_28_x86_64.whl.metadata (78 kB)
     ━━━━━━━━━━━━━━━━━━━━━━━━━━━━━━━━━━━━━━━ 78.2/78.2 kB 390.5 kB/s eta 0:00:00
Collecting cffi==1.17.1 (from -r /study/requirements/pydantic-new.txt (line 4))
  Downloading cffi-1.17.1-cp311-cp311-manylinux_2_17_x86_64.manylinux2014_x86_64.whl.metadata (1.5 kB)
Collecting click==8.1.7 (from -r /study/requirements/pydantic-new.txt (line 5))
  Downloading click-8.1.7-py3-none-any.whl.metadata (3.0 kB)
Collecting coverage==7.6.1 (from -r /study/requirements/pydantic-new.txt (line 6))
  Downloading coverage-7.6.1-cp311-cp311-manylinux_2_5_x86_64.manylinux1_x86_64.manylinux_2_17_x86_64.manylinux2014_x86_64.whl.metadata (8.3 kB)
Collecting dirty-equals==0.8.0 (from -r /study/requirements/pydantic-new.txt (line 7))
  Downloading dirty_equals-0.8.0-py3-none-any.whl.metadata (5.7 kB)
Collecting eval-type-backport==0.2.0 (from -r /study/requirements/pydantic-new.txt (line 8))
  Downloading eval_type_backport-0.2.0-py3-none-any.whl.metadata (2.2 kB)
Collecting faker==30.8.2 (from -r /study/requirements/pydantic-new.txt (line 9))
  Downloading Faker-30.8.2-py3-none-any.whl.metadata (15 kB)
Collecting filelock==3.16.1 (from -r /study/requirements/pydantic-new.txt (line 10))
  Downloading filelock-3.16.1-py3-none-any.whl.metadata (2.9 kB)
Collecting iniconfig==2.0.0 (from -r /study/requirements/pydantic-new.txt (line 11))
  Using cached iniconfig-2.0.0-py3-none-any.whl.metadata (2.6 kB)
Collecting jinja2==3.1.4 (from -r /study/requirements/pydantic-new.txt (line 12))
  Downloading jinja2-3.1.4-py3-none-any.whl.metadata (2.6 kB)
Collecting jsonschema==4.23.0 (from -r /study/requirements/pydantic-new.txt (line 13))
  Downloading jsonschema-4.23.0-py3-none-any.whl.metadata (7.9 kB)
Collecting jsonschema-specifications==2023.12.1 (from -r /study/requirements/pydantic-new.txt (line 14))
  Downloading jsonschema_specifications-2023.12.1-py3-none-any.whl.metadata (3.0 kB)
Collecting linkify-it-py==2.0.3 (from -r /study/requirements/pydantic-new.txt (line 15))
  Downloading linkify_it_py-2.0.3-py3-none-any.whl.metadata (8.5 kB)
Collecting markdown-it-py==3.0.0 (from -r /study/requirements/pydantic-new.txt (line 16))
  Downloading markdown_it_py-3.0.0-py3-none-any.whl.metadata (6.9 kB)
Collecting markupsafe==2.1.5 (from -r /study/requirements/pydantic-new.txt (line 17))
  Using cached MarkupSafe-2.1.5-cp311-cp311-manylinux_2_17_x86_64.manylinux2014_x86_64.whl.metadata (3.0 kB)
Collecting mdit-py-plugins==0.4.2 (from -r /study/requirements/pydantic-new.txt (line 18))
  Downloading mdit_py_plugins-0.4.2-py3-none-any.whl.metadata (2.8 kB)
Collecting mdurl==0.1.2 (from -r /study/requirements/pydantic-new.txt (line 19))
  Downloading mdurl-0.1.2-py3-none-any.whl.metadata (1.6 kB)
Collecting memray==1.14.0 (from -r /study/requirements/pydantic-new.txt (line 20))
  Downloading memray-1.14.0-cp311-cp311-manylinux_2_17_x86_64.manylinux2014_x86_64.whl.metadata (19 kB)
Collecting mypy-extensions==1.0.0 (from -r /study/requirements/pydantic-new.txt (line 21))
  Downloading mypy_extensions-1.0.0-py3-none-any.whl.metadata (1.1 kB)
Collecting packaging==24.2 (from -r /study/requirements/pydantic-new.txt (line 22))
  Using cached packaging-24.2-py3-none-any.whl.metadata (3.2 kB)
Collecting pathspec==0.12.1 (from -r /study/requirements/pydantic-new.txt (line 23))
  Downloading pathspec-0.12.1-py3-none-any.whl.metadata (21 kB)
Collecting platformdirs==4.3.6 (from -r /study/requirements/pydantic-new.txt (line 24))
  Downloading platformdirs-4.3.6-py3-none-any.whl.metadata (11 kB)
Collecting pluggy==1.5.0 (from -r /study/requirements/pydantic-new.txt (line 25))
  Using cached pluggy-1.5.0-py3-none-any.whl.metadata (4.8 kB)
Collecting py-cpuinfo==9.0.0 (from -r /study/requirements/pydantic-new.txt (line 26))
  Downloading py_cpuinfo-9.0.0-py3-none-any.whl.metadata (794 bytes)
Collecting pycparser==2.22 (from -r /study/requirements/pydantic-new.txt (line 27))
  Downloading pycparser-2.22-py3-none-any.whl.metadata (943 bytes)
Collecting pydantic-core==2.27.2 (from -r /study/requirements/pydantic-new.txt (line 28))
  Downloading pydantic_core-2.27.2-cp311-cp311-manylinux_2_17_x86_64.manylinux2014_x86_64.whl.metadata (6.6 kB)
Collecting pygments==2.18.0 (from -r /study/requirements/pydantic-new.txt (line 29))
  Downloading pygments-2.18.0-py3-none-any.whl.metadata (2.5 kB)
Collecting pytest==8.3.3 (from -r /study/requirements/pydantic-new.txt (line 30))
  Using cached pytest-8.3.3-py3-none-any.whl.metadata (7.5 kB)
Collecting pytest-benchmark==4.0.0 (from -r /study/requirements/pydantic-new.txt (line 31))
  Downloading pytest_benchmark-4.0.0-py3-none-any.whl.metadata (23 kB)
Collecting pytest-codspeed==2.2.1 (from -r /study/requirements/pydantic-new.txt (line 32))
  Downloading pytest_codspeed-2.2.1-py3-none-any.whl.metadata (6.3 kB)
Collecting pytest-examples==0.0.15 (from -r /study/requirements/pydantic-new.txt (line 33))
  Downloading pytest_examples-0.0.15-py3-none-any.whl.metadata (4.3 kB)
Collecting pytest-memray==1.7.0 (from -r /study/requirements/pydantic-new.txt (line 34))
  Downloading pytest_memray-1.7.0-py3-none-any.whl.metadata (10 kB)
Collecting pytest-mock==3.14.0 (from -r /study/requirements/pydantic-new.txt (line 35))
  Downloading pytest_mock-3.14.0-py3-none-any.whl.metadata (3.8 kB)
Collecting pytest-pretty==1.2.0 (from -r /study/requirements/pydantic-new.txt (line 36))
  Downloading pytest_pretty-1.2.0-py3-none-any.whl.metadata (4.8 kB)
Collecting python-dateutil==2.9.0.post0 (from -r /study/requirements/pydantic-new.txt (line 37))
  Downloading python_dateutil-2.9.0.post0-py2.py3-none-any.whl.metadata (8.4 kB)
Collecting pytz==2024.2 (from -r /study/requirements/pydantic-new.txt (line 38))
  Downloading pytz-2024.2-py2.py3-none-any.whl.metadata (22 kB)
Collecting referencing==0.35.1 (from -r /study/requirements/pydantic-new.txt (line 39))
  Downloading referencing-0.35.1-py3-none-any.whl.metadata (2.8 kB)
Collecting rich==13.9.4 (from -r /study/requirements/pydantic-new.txt (line 40))
  Downloading rich-13.9.4-py3-none-any.whl.metadata (18 kB)
Collecting rpds-py==0.20.1 (from -r /study/requirements/pydantic-new.txt (line 41))
  Downloading rpds_py-0.20.1-cp311-cp311-manylinux_2_17_x86_64.manylinux2014_x86_64.whl.metadata (4.2 kB)
Collecting ruff==0.7.3 (from -r /study/requirements/pydantic-new.txt (line 42))
  Downloading ruff-0.7.3-py3-none-manylinux_2_17_x86_64.manylinux2014_x86_64.whl.metadata (25 kB)
Collecting setuptools==75.4.0 (from -r /study/requirements/pydantic-new.txt (line 43))
  Downloading setuptools-75.4.0-py3-none-any.whl.metadata (6.8 kB)
Collecting six==1.16.0 (from -r /study/requirements/pydantic-new.txt (line 44))
  Downloading six-1.16.0-py2.py3-none-any.whl.metadata (1.8 kB)
Collecting textual==0.73.0 (from -r /study/requirements/pydantic-new.txt (line 45))
  Downloading textual-0.73.0-py3-none-any.whl.metadata (5.6 kB)
Collecting typing-extensions==4.12.2 (from -r /study/requirements/pydantic-new.txt (line 46))
  Downloading typing_extensions-4.12.2-py3-none-any.whl.metadata (3.0 kB)
Collecting uc-micro-py==1.0.3 (from -r /study/requirements/pydantic-new.txt (line 47))
  Downloading uc_micro_py-1.0.3-py3-none-any.whl.metadata (2.0 kB)
Downloading annotated_types-0.7.0-py3-none-any.whl (13 kB)
Downloading attrs-24.2.0-py3-none-any.whl (63 kB)
   ━━━━━━━━━━━━━━━━━━━━━━━━━━━━━━━━━━━━━━━━ 63.0/63.0 kB 1.7 MB/s eta 0:00:00
Downloading black-24.8.0-cp311-cp311-manylinux_2_17_x86_64.manylinux2014_x86_64.manylinux_2_28_x86_64.whl (1.7 MB)
   ━━━━━━━━━━━━━━━━━━━━━━━━━━━━━━━━━━━━━━━━ 1.7/1.7 MB 2.4 MB/s eta 0:00:00
Downloading cffi-1.17.1-cp311-cp311-manylinux_2_17_x86_64.manylinux2014_x86_64.whl (467 kB)
   ━━━━━━━━━━━━━━━━━━━━━━━━━━━━━━━━━━━━━━━━ 467.2/467.2 kB 2.1 MB/s eta 0:00:00
Downloading click-8.1.7-py3-none-any.whl (97 kB)
   ━━━━━━━━━━━━━━━━━━━━━━━━━━━━━━━━━━━━━━━━ 97.9/97.9 kB 2.4 MB/s eta 0:00:00
Downloading coverage-7.6.1-cp311-cp311-manylinux_2_5_x86_64.manylinux1_x86_64.manylinux_2_17_x86_64.manylinux2014_x86_64.whl (238 kB)
   ━━━━━━━━━━━━━━━━━━━━━━━━━━━━━━━━━━━━━━━━ 238.5/238.5 kB 2.4 MB/s eta 0:00:00
Downloading dirty_equals-0.8.0-py3-none-any.whl (28 kB)
Downloading eval_type_backport-0.2.0-py3-none-any.whl (5.9 kB)
Downloading Faker-30.8.2-py3-none-any.whl (1.8 MB)
   ━━━━━━━━━━━━━━━━━━━━━━━━━━━━━━━━━━━━━━━━ 1.8/1.8 MB 1.6 MB/s eta 0:00:00
Downloading filelock-3.16.1-py3-none-any.whl (16 kB)
Using cached iniconfig-2.0.0-py3-none-any.whl (5.9 kB)
Downloading jinja2-3.1.4-py3-none-any.whl (133 kB)
   ━━━━━━━━━━━━━━━━━━━━━━━━━━━━━━━━━━━━━━━━ 133.3/133.3 kB 1.3 MB/s eta 0:00:00
Downloading jsonschema-4.23.0-py3-none-any.whl (88 kB)
   ━━━━━━━━━━━━━━━━━━━━━━━━━━━━━━━━━━━━━━━━ 88.5/88.5 kB 511.6 kB/s eta 0:00:00
Downloading jsonschema_specifications-2023.12.1-py3-none-any.whl (18 kB)
Downloading linkify_it_py-2.0.3-py3-none-any.whl (19 kB)
Downloading markdown_it_py-3.0.0-py3-none-any.whl (87 kB)
   ━━━━━━━━━━━━━━━━━━━━━━━━━━━━━━━━━━━━━━━━ 87.5/87.5 kB 970.0 kB/s eta 0:00:00
Using cached MarkupSafe-2.1.5-cp311-cp311-manylinux_2_17_x86_64.manylinux2014_x86_64.whl (28 kB)
Downloading mdit_py_plugins-0.4.2-py3-none-any.whl (55 kB)
   ━━━━━━━━━━━━━━━━━━━━━━━━━━━━━━━━━━━━━━━━ 55.3/55.3 kB 979.9 kB/s eta 0:00:00
Downloading mdurl-0.1.2-py3-none-any.whl (10.0 kB)
Downloading memray-1.14.0-cp311-cp311-manylinux_2_17_x86_64.manylinux2014_x86_64.whl (8.4 MB)
   ━━━━━━━━━━━━━━━━━━━━━━━━━━━━━━━━━━━━━━━━ 8.4/8.4 MB 211.9 kB/s eta 0:00:00
Downloading mypy_extensions-1.0.0-py3-none-any.whl (4.7 kB)
Using cached packaging-24.2-py3-none-any.whl (65 kB)
Downloading pathspec-0.12.1-py3-none-any.whl (31 kB)
Downloading platformdirs-4.3.6-py3-none-any.whl (18 kB)
Using cached pluggy-1.5.0-py3-none-any.whl (20 kB)
Downloading py_cpuinfo-9.0.0-py3-none-any.whl (22 kB)
Downloading pycparser-2.22-py3-none-any.whl (117 kB)
   ━━━━━━━━━━━━━━━━━━━━━━━━━━━━━━━━━━━━━━━ 117.6/117.6 kB 101.7 kB/s eta 0:00:00
Downloading pydantic_core-2.27.2-cp311-cp311-manylinux_2_17_x86_64.manylinux2014_x86_64.whl (2.0 MB)
   ━━━━━━━━━━━━━━━━━━━━━━━━━━━━━━━━━━━━━━━━ 2.0/2.0 MB 160.6 kB/s eta 0:00:00
Downloading pygments-2.18.0-py3-none-any.whl (1.2 MB)
   ━━━━━━━━━━━━━━━━━━━━━━━━━━━━━━━━━━━━━━━━ 1.2/1.2 MB 231.1 kB/s eta 0:00:00
Using cached pytest-8.3.3-py3-none-any.whl (342 kB)
Downloading pytest_benchmark-4.0.0-py3-none-any.whl (43 kB)
   ━━━━━━━━━━━━━━━━━━━━━━━━━━━━━━━━━━━━━━━━ 44.0/44.0 kB 173.3 kB/s eta 0:00:00
Downloading pytest_codspeed-2.2.1-py3-none-any.whl (10 kB)
Downloading pytest_examples-0.0.15-py3-none-any.whl (17 kB)
Downloading pytest_memray-1.7.0-py3-none-any.whl (17 kB)
Downloading pytest_mock-3.14.0-py3-none-any.whl (9.9 kB)
Downloading pytest_pretty-1.2.0-py3-none-any.whl (6.2 kB)
Downloading python_dateutil-2.9.0.post0-py2.py3-none-any.whl (229 kB)
   ━━━━━━━━━━━━━━━━━━━━━━━━━━━━━━━━━━━━━━━ 229.9/229.9 kB 155.7 kB/s eta 0:00:00
Downloading pytz-2024.2-py2.py3-none-any.whl (508 kB)
   ━━━━━━━━━━━━━━━━━━━━━━━━━━━━━━━━━━━━━━━ 508.0/508.0 kB 140.8 kB/s eta 0:00:00
Downloading referencing-0.35.1-py3-none-any.whl (26 kB)
Downloading rich-13.9.4-py3-none-any.whl (242 kB)
   ━━━━━━━━━━━━━━━━━━━━━━━━━━━━━━━━━━━━━━━ 242.4/242.4 kB 129.3 kB/s eta 0:00:00
Downloading rpds_py-0.20.1-cp311-cp311-manylinux_2_17_x86_64.manylinux2014_x86_64.whl (360 kB)
   ━━━━━━━━━━━━━━━━━━━━━━━━━━━━━━━━━━━━━━━ 360.5/360.5 kB 182.4 kB/s eta 0:00:00
Downloading ruff-0.7.3-py3-none-manylinux_2_17_x86_64.manylinux2014_x86_64.whl (11.0 MB)
   ━━━━━━━━━━━━━━━━━━━━━━━━━━━━━━━━━━━━━━━━ 11.0/11.0 MB 192.9 kB/s eta 0:00:00
Downloading setuptools-75.4.0-py3-none-any.whl (1.2 MB)
   ━━━━━━━━━━━━━━━━━━━━━━━━━━━━━━━━━━━━━━━━ 1.2/1.2 MB 218.0 kB/s eta 0:00:00
Downloading six-1.16.0-py2.py3-none-any.whl (11 kB)
Downloading textual-0.73.0-py3-none-any.whl (564 kB)
   ━━━━━━━━━━━━━━━━━━━━━━━━━━━━━━━━━━━━━━━ 564.4/564.4 kB 188.9 kB/s eta 0:00:00
Downloading typing_extensions-4.12.2-py3-none-any.whl (37 kB)
Downloading uc_micro_py-1.0.3-py3-none-any.whl (6.2 kB)
Building wheels for collected packages: pydantic
  Building editable for pydantic (pyproject.toml): started
  Building editable for pydantic (pyproject.toml): finished with status 'done'
  Created wheel for pydantic: filename=pydantic-2.10.4-py3-none-any.whl size=8871 sha256=1d03998747e166cc83e945900e777015330ae36a5d085b174ea184638cb2c0d1
  Stored in directory: /tmp/pip-ephem-wheel-cache-wz_bwinz/wheels/76/19/74/387c84836d0d8391100d8a4c1ecfbf9d1ccd3471b115fcb3bf
Successfully built pydantic
Installing collected packages: pytz, py-cpuinfo, uc-micro-py, typing-extensions, six, setuptools, ruff, rpds-py, pygments, pycparser, pluggy, platformdirs, pathspec, packaging, mypy-extensions, mdurl, markupsafe, iniconfig, filelock, eval-type-backport, dirty-equals, coverage, click, attrs, annotated-types, referencing, python-dateutil, pytest, pydantic-core, markdown-it-py, linkify-it-py, jinja2, cffi, black, rich, pytest-mock, pytest-examples, pytest-codspeed, pytest-benchmark, pydantic, mdit-py-plugins, jsonschema-specifications, faker, pytest-pretty, jsonschema, textual, memray, pytest-memray
  Attempting uninstall: setuptools
    Found existing installation: setuptools 65.5.0
    Uninstalling setuptools-65.5.0:
      Successfully uninstalled setuptools-65.5.0
Successfully installed annotated-types-0.7.0 attrs-24.2.0 black-24.8.0 cffi-1.17.1 click-8.1.7 coverage-7.6.1 dirty-equals-0.8.0 eval-type-backport-0.2.0 faker-30.8.2 filelock-3.16.1 iniconfig-2.0.0 jinja2-3.1.4 jsonschema-4.23.0 jsonschema-specifications-2023.12.1 linkify-it-py-2.0.3 markdown-it-py-3.0.0 markupsafe-2.1.5 mdit-py-plugins-0.4.2 mdurl-0.1.2 memray-1.14.0 mypy-extensions-1.0.0 packaging-24.2 pathspec-0.12.1 platformdirs-4.3.6 pluggy-1.5.0 py-cpuinfo-9.0.0 pycparser-2.22 pydantic-2.10.4 pydantic-core-2.27.2 pygments-2.18.0 pytest-8.3.3 pytest-benchmark-4.0.0 pytest-codspeed-2.2.1 pytest-examples-0.0.15 pytest-memray-1.7.0 pytest-mock-3.14.0 pytest-pretty-1.2.0 python-dateutil-2.9.0.post0 pytz-2024.2 referencing-0.35.1 rich-13.9.4 rpds-py-0.20.1 ruff-0.7.3 setuptools-75.4.0 six-1.16.0 textual-0.73.0 typing-extensions-4.12.2 uc-micro-py-1.0.3
