Obtaining file:///study/work/pydantic-old (from -r /study/requirements/pydantic-old.txt (line 19))
  Installing build dependencies: started
  Installing build dependencies: finished with status 'done'
  Checking if build backend supports build_editable: started
  Checking if build backend supports build_editable: finished with status 'done'
  Getting requirements to build editable: started
  Getting requirements to build editable: finished with status 'done'
  Preparing editable metadata (pyproject.toml): started
  Preparing editable metadata (pyproject.toml): finished with status 'done'
Collecting attrs==26.1.0 (from -r /study/requirements/pydantic-old.txt (line 1))
  Using cached attrs-26.1.0-py3-none-any.whl.metadata (8.8 kB)
Collecting coverage==6.4.4 (from -r /study/requirements/pydantic-old.txt (line 2))
  Downloading coverage-6.4.4-cp311-cp311-manylinux_2_5_x86_64.manylinux1_x86_64.manylinux_2_17_x86_64.manylinux2014_x86_64.whl.metadata (8.1 kB)
Collecting hypothesis==6.54.4 (from -r /study/requirements/pydantic-old.txt (line 3))
  Downloading hypothesis-6.54.4-py3-none-any.whl.metadata (6.1 kB)
Collecting iniconfig==2.3.0 (from -r /study/requirements/pydantic-old.txt (line 4))
  Using cached iniconfig-2.3.0-py3-none-any.whl.metadata (2.5 kB)
Collecting mypy==0.971 (from -r /study/requirements/pydantic-old.txt (line 5))
  Downloading mypy-0.971-py3-none-any.whl.metadata (1.8 kB)
Collecting packaging==26.3 (from -r /study/requirements/pydantic-old.txt (line 6))
  Using cached packaging-26.3-py3-none-any.whl.metadata (3.5 kB)
Requirement already satisfied: pip==24.0 in /study/envs/pydantic-old/lib/python3.11/site-packages (from -r /study/requirements/pydantic-old.txt (line 7)) (24.0)
Collecting pluggy==1.6.0 (from -r /study/requirements/pydantic-old.txt (line 8))
  Using cached pluggy-1.6.0-py3-none-any.whl.metadata (4.8 kB)
Collecting py==1.11.0 (from -r /study/requirements/pydantic-old.txt (line 9))
  Using cached py-1.11.0-py2.py3-none-any.whl.metadata (2.8 kB)
Collecting pytest==7.1.2 (from -r /study/requirements/pydantic-old.txt (line 10))
  Using cached pytest-7.1.2-py3-none-any.whl.metadata (7.8 kB)
Collecting pytest-cov==3.0.0 (from -r /study/requirements/pydantic-old.txt (line 11))
  Downloading pytest_cov-3.0.0-py3-none-any.whl.metadata (24 kB)
Collecting pytest-mock==3.8.2 (from -r /study/requirements/pydantic-old.txt (line 12))
  Downloading pytest_mock-3.8.2-py3-none-any.whl.metadata (3.5 kB)
Collecting pytest-sugar==0.9.5 (from -r /study/requirements/pydantic-old.txt (line 13))
  Downloading pytest_sugar-0.9.5-py2.py3-none-any.whl.metadata (2.7 kB)
Collecting sortedcontainers==2.4.0 (from -r /study/requirements/pydantic-old.txt (line 14))
  Downloading sortedcontainers-2.4.0-py2.py3-none-any.whl.metadata (10 kB)
Collecting termcolor==3.3.0 (from -r /study/requirements/pydantic-old.txt (line 15))
  Downloading termcolor-3.3.0-py3-none-any.whl.metadata (6.5 kB)
Collecting tomli==2.4.1 (from -r /study/requirements/pydantic-old.txt (line 16))
  Downloading tomli-2.4.1-cp311-cp311-manylinux2014_x86_64.manylinux_2_17_x86_64.manylinux_2_28_x86_64.whl.metadata (10 kB)
Collecting typing_extensions==4.2.0 (from -r /study/requirements/pydantic-old.txt (line 17))
  Downloading typing_extensions-4.2.0-py3-none-any.whl.metadata (6.2 kB)
Collecting mypy_extensions==0.4.3 (from -r /study/requirements/pydantic-old.txt (line 18))
  Downloading mypy_extensions-0.4.3-py2.py3-none-any.whl.metadata (1.2 kB)
Using cached attrs-26.1.0-py3-none-any.whl (67 kB)
Downloading coverage-6.4.4-cp311-cp311-manylinux_2_5_x86_64.manylinux1_x86_64.manylinux_2_17_x86_64.manylinux2014_x86_64.whl (216 kB)
   ━━━━━━━━━━━━━━━━━━━━━━━━━━━━━━━━━━━━━━━ 216.4/216.4 kB 721.9 kB/s eta 0:00:00
Downloading hypothesis-6.54.4-py3-none-any.whl (390 kB)
   ━━━━━━━━━━━━━━━━━━━━━━━━━━━━━━━━━━━━━━━━ 390.3/390.3 kB 2.4 MB/s eta 0:00:00
Using cached iniconfig-2.3.0-py3-none-any.whl (7.5 kB)
Downloading mypy-0.971-py3-none-any.whl (2.6 MB)
   ━━━━━━━━━━━━━━━━━━━━━━━━━━━━━━━━━━━━━━━━ 2.6/2.6 MB 5.0 MB/s eta 0:00:00
Using cached packaging-26.3-py3-none-any.whl (129 kB)
Using cached pluggy-1.6.0-py3-none-any.whl (20 kB)
Using cached py-1.11.0-py2.py3-none-any.whl (98 kB)
Using cached pytest-7.1.2-py3-none-any.whl (297 kB)
Downloading pytest_cov-3.0.0-py3-none-any.whl (20 kB)
Downloading pytest_mock-3.8.2-py3-none-any.whl (9.1 kB)
Downloading pytest_sugar-0.9.5-py2.py3-none-any.whl (9.0 kB)
Downloading sortedcontainers-2.4.0-py2.py3-none-any.whl (29 kB)
Downloading termcolor-3.3.0-py3-none-any.whl (7.7 kB)
Downloading tomli-2.4.1-cp311-cp311-manylinux2014_x86_64.manylinux_2_17_x86_64.manylinux_2_28_x86_64.whl (243 kB)
   ━━━━━━━━━━━━━━━━━━━━━━━━━━━━━━━━━━━━━━━━ 243.8/243.8 kB 9.4 MB/s eta 0:00:00
Downloading typing_extensions-4.2.0-py3-none-any.whl (24 kB)
Downloading mypy_extensions-0.4.3-py2.py3-none-any.whl (4.5 kB)
Building wheels for collected packages: pydantic
  Building editable for pydantic (pyproject.toml): started
  Building editable for pydantic (pyproject.toml): finished with status 'done'
  Created wheel for pydantic: filename=pydantic-1.10.4-0.editable-py3-none-any.whl size=37362 sha256=1267f73adbb75e36c28e4249200a25ad8e5ee729f5e00232e8895dcd26227a92
  Stored in directory: /tmp/pip-ephem-wheel-cache-3r9x9mwq/wheels/b9/32/2f/6992219647b9f0eada8073c28bf27eb23cdce1b2bf454f707c
Successfully built pydantic
Installing collected packages: sortedcontainers, mypy_extensions, typing_extensions, tomli, termcolor, py, pluggy, packaging, iniconfig, coverage, attrs, pytest, pydantic, mypy, hypothesis, pytest-sugar, pytest-mock, pytest-cov
Successfully installed attrs-26.1.0 coverage-6.4.4 hypothesis-6.54.4 iniconfig-2.3.0 mypy-0.971 mypy_extensions-0.4.3 packaging-26.3 pluggy-1.6.0 py-1.11.0 pydantic-1.10.4 pytest-7.1.2 pytest-cov-3.0.0 pytest-mock-3.8.2 pytest-sugar-0.9.5 sortedcontainers-2.4.0 termcolor-3.3.0 tomli-2.4.1 typing_extensions-4.2.0
