Obtaining file:///study/work/requests-new (from -r /study/requirements/requests-new.txt (line 32))
  Installing build dependencies: started
  Installing build dependencies: finished with status 'done'
  Checking if build backend supports build_editable: started
  Checking if build backend supports build_editable: finished with status 'done'
  Getting requirements to build editable: started
  Getting requirements to build editable: finished with status 'done'
  Preparing editable metadata (pyproject.toml): started
  Preparing editable metadata (pyproject.toml): finished with status 'done'
Collecting blinker==1.9.0 (from -r /study/requirements/requests-new.txt (line 1))
  Using cached blinker-1.9.0-py3-none-any.whl.metadata (1.6 kB)
Collecting brotlicffi==1.2.0.2 (from -r /study/requirements/requests-new.txt (line 2))
  Downloading brotlicffi-1.2.0.2-cp39-abi3-manylinux2014_x86_64.manylinux_2_17_x86_64.manylinux_2_28_x86_64.whl.metadata (7.0 kB)
Collecting certifi==2026.7.22 (from -r /study/requirements/requests-new.txt (line 3))
  Using cached certifi-2026.7.22-py3-none-any.whl.metadata (2.5 kB)
Collecting cffi==2.1.1 (from -r /study/requirements/requests-new.txt (line 4))
  Using cached cffi-2.1.1-cp311-cp311-manylinux2014_x86_64.manylinux_2_17_x86_64.whl.metadata (2.5 kB)
Collecting charset-normalizer==3.5.1 (from -r /study/requirements/requests-new.txt (line 5))
  Downloading charset_normalizer-3.5.1-cp311-cp311-manylinux2014_x86_64.manylinux_2_17_x86_64.manylinux_2_28_x86_64.whl.metadata (45 kB)
     ━━━━━━━━━━━━━━━━━━━━━━━━━━━━━━━━━━━━━━━ 45.9/45.9 kB 264.2 kB/s eta 0:00:00
Collecting click==8.5.0 (from -r /study/requirements/requests-new.txt (line 6))
  Downloading click-8.5.0-py3-none-any.whl.metadata (2.6 kB)
Collecting coverage==7.16.0 (from -r /study/requirements/requests-new.txt (line 7))
  Using cached coverage-7.16.0-cp311-cp311-manylinux1_x86_64.manylinux_2_28_x86_64.manylinux_2_5_x86_64.whl.metadata (8.6 kB)
Collecting cryptography==50.0.1 (from -r /study/requirements/requests-new.txt (line 8))
  Using cached cryptography-50.0.1-cp311-abi3-manylinux_2_34_x86_64.whl.metadata (4.3 kB)
Collecting decorator==5.3.1 (from -r /study/requirements/requests-new.txt (line 9))
  Using cached decorator-5.3.1-py3-none-any.whl.metadata (3.9 kB)
Collecting Flask==3.1.3 (from -r /study/requirements/requests-new.txt (line 10))
  Downloading flask-3.1.3-py3-none-any.whl.metadata (3.2 kB)
Collecting httpbin==0.10.4 (from -r /study/requirements/requests-new.txt (line 11))
  Downloading httpbin-0.10.4-py2.py3-none-any.whl.metadata (6.8 kB)
Collecting idna==3.19 (from -r /study/requirements/requests-new.txt (line 12))
  Using cached idna-3.19-py3-none-any.whl.metadata (9.2 kB)
Collecting iniconfig==2.3.0 (from -r /study/requirements/requests-new.txt (line 13))
  Using cached iniconfig-2.3.0-py3-none-any.whl.metadata (2.5 kB)
Collecting itsdangerous==2.2.0 (from -r /study/requirements/requests-new.txt (line 14))
  Using cached itsdangerous-2.2.0-py3-none-any.whl.metadata (1.9 kB)
Collecting Jinja2==3.1.6 (from -r /study/requirements/requests-new.txt (line 15))
  Downloading jinja2-3.1.6-py3-none-any.whl.metadata (2.9 kB)
Collecting MarkupSafe==3.0.3 (from -r /study/requirements/requests-new.txt (line 16))
  Downloading markupsafe-3.0.3-cp311-cp311-manylinux2014_x86_64.manylinux_2_17_x86_64.manylinux_2_28_x86_64.whl.metadata (2.7 kB)
Collecting packaging==26.3 (from -r /study/requirements/requests-new.txt (line 17))
  Using cached packaging-26.3-py3-none-any.whl.metadata (3.5 kB)
Requirement already satisfied: pip==24.0 in /study/envs/requests-new/lib/python3.11/site-packages (from -r /study/requirements/requests-new.txt (line 18)) (24.0)
Collecting pluggy==1.6.0 (from -r /study/requirements/requests-new.txt (line 19))
  Using cached pluggy-1.6.0-py3-none-any.whl.metadata (4.8 kB)
Collecting pycparser==3.0 (from -r /study/requirements/requests-new.txt (line 20))
  Using cached pycparser-3.0-py3-none-any.whl.metadata (8.2 kB)
Collecting Pygments==2.21.0 (from -r /study/requirements/requests-new.txt (line 21))
  Downloading pygments-2.21.0-py3-none-any.whl.metadata (2.5 kB)
Collecting PySocks==1.7.1 (from -r /study/requirements/requests-new.txt (line 22))
  Using cached PySocks-1.7.1-py3-none-any.whl.metadata (13 kB)
Collecting pytest==8.4.2 (from -r /study/requirements/requests-new.txt (line 23))
  Downloading pytest-8.4.2-py3-none-any.whl.metadata (7.7 kB)
Collecting pytest-cov==7.1.0 (from -r /study/requirements/requests-new.txt (line 24))
  Downloading pytest_cov-7.1.0-py3-none-any.whl.metadata (32 kB)
Collecting pytest-httpbin==2.0.0 (from -r /study/requirements/requests-new.txt (line 25))
  Downloading pytest_httpbin-2.0.0-py2.py3-none-any.whl.metadata (2.3 kB)
Collecting six==1.17.0 (from -r /study/requirements/requests-new.txt (line 26))
  Using cached six-1.17.0-py2.py3-none-any.whl.metadata (1.7 kB)
Collecting trustme==1.2.1 (from -r /study/requirements/requests-new.txt (line 27))
  Using cached trustme-1.2.1-py3-none-any.whl.metadata (5.7 kB)
Collecting urllib3==2.7.0 (from -r /study/requirements/requests-new.txt (line 28))
  Downloading urllib3-2.7.0-py3-none-any.whl.metadata (6.9 kB)
Collecting Werkzeug==3.1.8 (from -r /study/requirements/requests-new.txt (line 29))
  Downloading werkzeug-3.1.8-py3-none-any.whl.metadata (4.0 kB)
Collecting wheel==0.48.0 (from -r /study/requirements/requests-new.txt (line 30))
  Using cached wheel-0.48.0-py3-none-any.whl.metadata (2.3 kB)
Collecting greenlet==2.0.2 (from -r /study/requirements/requests-new.txt (line 31))
  Downloading greenlet-2.0.2-cp311-cp311-manylinux_2_17_x86_64.manylinux2014_x86_64.whl.metadata (4.1 kB)
Using cached blinker-1.9.0-py3-none-any.whl (8.5 kB)
Downloading brotlicffi-1.2.0.2-cp39-abi3-manylinux2014_x86_64.manylinux_2_17_x86_64.manylinux_2_28_x86_64.whl (1.5 MB)
   ━━━━━━━━━━━━━━━━━━━━━━━━━━━━━━━━━━━━━━━━ 1.5/1.5 MB 2.7 MB/s eta 0:00:00
Using cached certifi-2026.7.22-py3-none-any.whl (136 kB)
Using cached cffi-2.1.1-cp311-cp311-manylinux2014_x86_64.manylinux_2_17_x86_64.whl (217 kB)
Downloading charset_normalizer-3.5.1-cp311-cp311-manylinux2014_x86_64.manylinux_2_17_x86_64.manylinux_2_28_x86_64.whl (262 kB)
   ━━━━━━━━━━━━━━━━━━━━━━━━━━━━━━━━━━━━━━━━ 262.3/262.3 kB 6.0 MB/s eta 0:00:00
Downloading click-8.5.0-py3-none-any.whl (125 kB)
   ━━━━━━━━━━━━━━━━━━━━━━━━━━━━━━━━━━━━━━━━ 125.3/125.3 kB 8.8 MB/s eta 0:00:00
Using cached coverage-7.16.0-cp311-cp311-manylinux1_x86_64.manylinux_2_28_x86_64.manylinux_2_5_x86_64.whl (255 kB)
Using cached cryptography-50.0.1-cp311-abi3-manylinux_2_34_x86_64.whl (4.7 MB)
Using cached decorator-5.3.1-py3-none-any.whl (10 kB)
Downloading flask-3.1.3-py3-none-any.whl (103 kB)
   ━━━━━━━━━━━━━━━━━━━━━━━━━━━━━━━━━━━━━━━━ 103.4/103.4 kB 8.4 MB/s eta 0:00:00
Downloading httpbin-0.10.4-py2.py3-none-any.whl (100 kB)
   ━━━━━━━━━━━━━━━━━━━━━━━━━━━━━━━━━━━━━━━━ 100.8/100.8 kB 8.5 MB/s eta 0:00:00
Using cached idna-3.19-py3-none-any.whl (68 kB)
Using cached iniconfig-2.3.0-py3-none-any.whl (7.5 kB)
Using cached itsdangerous-2.2.0-py3-none-any.whl (16 kB)
Downloading jinja2-3.1.6-py3-none-any.whl (134 kB)
   ━━━━━━━━━━━━━━━━━━━━━━━━━━━━━━━━━━━━━━━━ 134.9/134.9 kB 8.8 MB/s eta 0:00:00
Downloading markupsafe-3.0.3-cp311-cp311-manylinux2014_x86_64.manylinux_2_17_x86_64.manylinux_2_28_x86_64.whl (22 kB)
Using cached packaging-26.3-py3-none-any.whl (129 kB)
Using cached pluggy-1.6.0-py3-none-any.whl (20 kB)
Using cached pycparser-3.0-py3-none-any.whl (48 kB)
Downloading pygments-2.21.0-py3-none-any.whl (1.3 MB)
   ━━━━━━━━━━━━━━━━━━━━━━━━━━━━━━━━━━━━━━━━ 1.3/1.3 MB 3.6 MB/s eta 0:00:00
Using cached PySocks-1.7.1-py3-none-any.whl (16 kB)
Downloading pytest-8.4.2-py3-none-any.whl (365 kB)
   ━━━━━━━━━━━━━━━━━━━━━━━━━━━━━━━━━━━━━━━━ 365.8/365.8 kB 11.1 MB/s eta 0:00:00
Downloading pytest_cov-7.1.0-py3-none-any.whl (22 kB)
Downloading pytest_httpbin-2.0.0-py2.py3-none-any.whl (9.9 kB)
Using cached six-1.17.0-py2.py3-none-any.whl (11 kB)
Using cached trustme-1.2.1-py3-none-any.whl (16 kB)
Downloading urllib3-2.7.0-py3-none-any.whl (131 kB)
   ━━━━━━━━━━━━━━━━━━━━━━━━━━━━━━━━━━━━━━━━ 131.1/131.1 kB 9.0 MB/s eta 0:00:00
Downloading werkzeug-3.1.8-py3-none-any.whl (226 kB)
   ━━━━━━━━━━━━━━━━━━━━━━━━━━━━━━━━━━━━━━━━ 226.5/226.5 kB 9.5 MB/s eta 0:00:00
Using cached wheel-0.48.0-py3-none-any.whl (33 kB)
Downloading greenlet-2.0.2-cp311-cp311-manylinux_2_17_x86_64.manylinux2014_x86_64.whl (618 kB)
   ━━━━━━━━━━━━━━━━━━━━━━━━━━━━━━━━━━━━━━━━ 618.8/618.8 kB 10.1 MB/s eta 0:00:00
Building wheels for collected packages: requests
  Building editable for requests (pyproject.toml): started
  Building editable for requests (pyproject.toml): finished with status 'done'
  Created wheel for requests: filename=requests-2.32.3-0.editable-py3-none-any.whl size=6935 sha256=368afb545c83edf77f24e70890902a2c322394fa15655c9c4a9887eee317f49c
  Stored in directory: /tmp/pip-ephem-wheel-cache-5a_n9_tp/wheels/df/8b/73/9264ffec23dc6d82c277eeea2b1cb8e659d0f16e84d5f3e8e2
Successfully built requests
Installing collected packages: urllib3, six, PySocks, Pygments, pycparser, pluggy, packaging, MarkupSafe, itsdangerous, iniconfig, idna, greenlet, decorator, coverage, click, charset-normalizer, certifi, blinker, wheel, Werkzeug, requests, pytest, Jinja2, cffi, pytest-cov, Flask, cryptography, brotlicffi, trustme, httpbin, pytest-httpbin
Successfully installed Flask-3.1.3 Jinja2-3.1.6 MarkupSafe-3.0.3 PySocks-1.7.1 Pygments-2.21.0 Werkzeug-3.1.8 blinker-1.9.0 brotlicffi-1.2.0.2 certifi-2026.7.22 cffi-2.1.1 charset-normalizer-3.5.1 click-8.5.0 coverage-7.16.0 cryptography-50.0.1 decorator-5.3.1 greenlet-2.0.2 httpbin-0.10.4 idna-3.19 iniconfig-2.3.0 itsdangerous-2.2.0 packaging-26.3 pluggy-1.6.0 pycparser-3.0 pytest-8.4.2 pytest-cov-7.1.0 pytest-httpbin-2.0.0 requests-2.32.3 six-1.17.0 trustme-1.2.1 urllib3-2.7.0 wheel-0.48.0
