Obtaining file:///study/work/requests-old (from -r /study/requirements/requests-old.txt (line 35))
  Installing build dependencies: started
  Installing build dependencies: finished with status 'done'
  Checking if build backend supports build_editable: started
  Checking if build backend supports build_editable: finished with status 'done'
  Getting requirements to build editable: started
  Getting requirements to build editable: finished with status 'done'
  Preparing editable metadata (pyproject.toml): started
  Preparing editable metadata (pyproject.toml): finished with status 'done'
Collecting attrs==26.1.0 (from -r /study/requirements/requests-old.txt (line 1))
  Downloading attrs-26.1.0-py3-none-any.whl.metadata (8.8 kB)
Collecting blinker==1.9.0 (from -r /study/requirements/requests-old.txt (line 2))
  Using cached blinker-1.9.0-py3-none-any.whl.metadata (1.6 kB)
Collecting brotlipy==0.7.0 (from -r /study/requirements/requests-old.txt (line 3))
  Downloading brotlipy-0.7.0-cp35-abi3-manylinux2010_x86_64.whl.metadata (2.9 kB)
Collecting certifi==2026.7.22 (from -r /study/requirements/requests-old.txt (line 4))
  Downloading certifi-2026.7.22-py3-none-any.whl.metadata (2.5 kB)
Collecting cffi==2.1.1 (from -r /study/requirements/requests-old.txt (line 5))
  Downloading cffi-2.1.1-cp311-cp311-manylinux2014_x86_64.manylinux_2_17_x86_64.whl.metadata (2.5 kB)
Collecting charset-normalizer==2.1.1 (from -r /study/requirements/requests-old.txt (line 6))
  Downloading charset_normalizer-2.1.1-py3-none-any.whl.metadata (11 kB)
Collecting click==7.1.2 (from -r /study/requirements/requests-old.txt (line 7))
  Downloading click-7.1.2-py2.py3-none-any.whl.metadata (2.9 kB)
Collecting coverage==7.16.0 (from -r /study/requirements/requests-old.txt (line 8))
  Downloading coverage-7.16.0-cp311-cp311-manylinux1_x86_64.manylinux_2_28_x86_64.manylinux_2_5_x86_64.whl.metadata (8.6 kB)
Collecting cryptography==50.0.1 (from -r /study/requirements/requests-old.txt (line 9))
  Downloading cryptography-50.0.1-cp311-abi3-manylinux_2_34_x86_64.whl.metadata (4.3 kB)
Collecting decorator==5.3.1 (from -r /study/requirements/requests-old.txt (line 10))
  Downloading decorator-5.3.1-py3-none-any.whl.metadata (3.9 kB)
Collecting Flask==1.1.4 (from -r /study/requirements/requests-old.txt (line 11))
  Downloading Flask-1.1.4-py2.py3-none-any.whl.metadata (4.6 kB)
Collecting httpbin==0.7.0 (from -r /study/requirements/requests-old.txt (line 12))
  Downloading httpbin-0.7.0-py2.py3-none-any.whl.metadata (779 bytes)
Collecting idna==3.19 (from -r /study/requirements/requests-old.txt (line 13))
  Downloading idna-3.19-py3-none-any.whl.metadata (9.2 kB)
Collecting iniconfig==2.3.0 (from -r /study/requirements/requests-old.txt (line 14))
  Downloading iniconfig-2.3.0-py3-none-any.whl.metadata (2.5 kB)
Collecting itsdangerous==1.1.0 (from -r /study/requirements/requests-old.txt (line 15))
  Downloading itsdangerous-1.1.0-py2.py3-none-any.whl.metadata (3.1 kB)
Collecting Jinja2==2.11.3 (from -r /study/requirements/requests-old.txt (line 16))
  Downloading Jinja2-2.11.3-py2.py3-none-any.whl.metadata (3.5 kB)
Collecting MarkupSafe==2.0.1 (from -r /study/requirements/requests-old.txt (line 17))
  Downloading MarkupSafe-2.0.1.tar.gz (18 kB)
  Installing build dependencies: started
  Installing build dependencies: finished with status 'done'
  Getting requirements to build wheel: started
  Getting requirements to build wheel: finished with status 'done'
  Preparing metadata (pyproject.toml): started
  Preparing metadata (pyproject.toml): finished with status 'done'
Collecting packaging==26.3 (from -r /study/requirements/requests-old.txt (line 18))
  Downloading packaging-26.3-py3-none-any.whl.metadata (3.5 kB)
Requirement already satisfied: pip==24.0 in /study/envs/requests-old/lib/python3.11/site-packages (from -r /study/requirements/requests-old.txt (line 19)) (24.0)
Collecting pluggy==1.6.0 (from -r /study/requirements/requests-old.txt (line 20))
  Downloading pluggy-1.6.0-py3-none-any.whl.metadata (4.8 kB)
Collecting py==1.11.0 (from -r /study/requirements/requests-old.txt (line 21))
  Using cached py-1.11.0-py2.py3-none-any.whl.metadata (2.8 kB)
Collecting pycparser==3.0 (from -r /study/requirements/requests-old.txt (line 22))
  Downloading pycparser-3.0-py3-none-any.whl.metadata (8.2 kB)
Collecting PySocks==1.7.1 (from -r /study/requirements/requests-old.txt (line 23))
  Downloading PySocks-1.7.1-py3-none-any.whl.metadata (13 kB)
Collecting pytest==6.2.5 (from -r /study/requirements/requests-old.txt (line 24))
  Downloading pytest-6.2.5-py3-none-any.whl.metadata (7.5 kB)
Collecting pytest-cov==6.3.0 (from -r /study/requirements/requests-old.txt (line 25))
  Downloading pytest_cov-6.3.0-py3-none-any.whl.metadata (30 kB)
Collecting pytest-httpbin==1.0.0 (from -r /study/requirements/requests-old.txt (line 26))
  Downloading pytest_httpbin-1.0.0-py2.py3-none-any.whl.metadata (2.1 kB)
Collecting pytest-mock==2.0.0 (from -r /study/requirements/requests-old.txt (line 27))
  Downloading pytest_mock-2.0.0-py2.py3-none-any.whl.metadata (13 kB)
Collecting raven==6.10.0 (from -r /study/requirements/requests-old.txt (line 28))
  Downloading raven-6.10.0-py2.py3-none-any.whl.metadata (2.9 kB)
Collecting six==1.17.0 (from -r /study/requirements/requests-old.txt (line 29))
  Downloading six-1.17.0-py2.py3-none-any.whl.metadata (1.7 kB)
Collecting toml==0.10.2 (from -r /study/requirements/requests-old.txt (line 30))
  Downloading toml-0.10.2-py2.py3-none-any.whl.metadata (7.1 kB)
Collecting trustme==1.2.1 (from -r /study/requirements/requests-old.txt (line 31))
  Downloading trustme-1.2.1-py3-none-any.whl.metadata (5.7 kB)
Collecting urllib3==1.26.20 (from -r /study/requirements/requests-old.txt (line 32))
  Downloading urllib3-1.26.20-py2.py3-none-any.whl.metadata (50 kB)
     ━━━━━━━━━━━━━━━━━━━━━━━━━━━━━━━━━━━━━━━ 50.1/50.1 kB 952.6 kB/s eta 0:00:00
Collecting Werkzeug==1.0.1 (from -r /study/requirements/requests-old.txt (line 33))
  Downloading Werkzeug-1.0.1-py2.py3-none-any.whl.metadata (4.7 kB)
Collecting wheel==0.48.0 (from -r /study/requirements/requests-old.txt (line 34))
  Downloading wheel-0.48.0-py3-none-any.whl.metadata (2.3 kB)
Downloading attrs-26.1.0-py3-none-any.whl (67 kB)
   ━━━━━━━━━━━━━━━━━━━━━━━━━━━━━━━━━━━━━━━━ 67.5/67.5 kB 1.4 MB/s eta 0:00:00
Using cached blinker-1.9.0-py3-none-any.whl (8.5 kB)
Downloading brotlipy-0.7.0-cp35-abi3-manylinux2010_x86_64.whl (1.1 MB)
   ━━━━━━━━━━━━━━━━━━━━━━━━━━━━━━━━━━━━━━━━ 1.1/1.1 MB 2.5 MB/s eta 0:00:00
Downloading certifi-2026.7.22-py3-none-any.whl (136 kB)
   ━━━━━━━━━━━━━━━━━━━━━━━━━━━━━━━━━━━━━━━━ 137.0/137.0 kB 8.4 MB/s eta 0:00:00
Downloading cffi-2.1.1-cp311-cp311-manylinux2014_x86_64.manylinux_2_17_x86_64.whl (217 kB)
   ━━━━━━━━━━━━━━━━━━━━━━━━━━━━━━━━━━━━━━━━ 217.8/217.8 kB 9.7 MB/s eta 0:00:00
Downloading charset_normalizer-2.1.1-py3-none-any.whl (39 kB)
Downloading click-7.1.2-py2.py3-none-any.whl (82 kB)
   ━━━━━━━━━━━━━━━━━━━━━━━━━━━━━━━━━━━━━━━━ 82.8/82.8 kB 7.3 MB/s eta 0:00:00
Downloading coverage-7.16.0-cp311-cp311-manylinux1_x86_64.manylinux_2_28_x86_64.manylinux_2_5_x86_64.whl (255 kB)
   ━━━━━━━━━━━━━━━━━━━━━━━━━━━━━━━━━━━━━━━━ 255.8/255.8 kB 8.1 MB/s eta 0:00:00
Downloading cryptography-50.0.1-cp311-abi3-manylinux_2_34_x86_64.whl (4.7 MB)
   ━━━━━━━━━━━━━━━━━━━━━━━━━━━━━━━━━━━━━━━━ 4.7/4.7 MB 6.6 MB/s eta 0:00:00
Downloading decorator-5.3.1-py3-none-any.whl (10 kB)
Downloading Flask-1.1.4-py2.py3-none-any.whl (94 kB)
   ━━━━━━━━━━━━━━━━━━━━━━━━━━━━━━━━━━━━━━━━ 94.6/94.6 kB 4.4 MB/s eta 0:00:00
Downloading httpbin-0.7.0-py2.py3-none-any.whl (86 kB)
   ━━━━━━━━━━━━━━━━━━━━━━━━━━━━━━━━━━━━━━━━ 86.9/86.9 kB 4.5 MB/s eta 0:00:00
Downloading idna-3.19-py3-none-any.whl (68 kB)
   ━━━━━━━━━━━━━━━━━━━━━━━━━━━━━━━━━━━━━━━━ 68.5/68.5 kB 2.8 MB/s eta 0:00:00
Downloading iniconfig-2.3.0-py3-none-any.whl (7.5 kB)
Downloading itsdangerous-1.1.0-py2.py3-none-any.whl (16 kB)
Downloading Jinja2-2.11.3-py2.py3-none-any.whl (125 kB)
   ━━━━━━━━━━━━━━━━━━━━━━━━━━━━━━━━━━━━━━━━ 125.7/125.7 kB 3.4 MB/s eta 0:00:00
Downloading packaging-26.3-py3-none-any.whl (129 kB)
   ━━━━━━━━━━━━━━━━━━━━━━━━━━━━━━━━━━━━━━━━ 130.0/130.0 kB 3.4 MB/s eta 0:00:00
Downloading pluggy-1.6.0-py3-none-any.whl (20 kB)
Using cached py-1.11.0-py2.py3-none-any.whl (98 kB)
Downloading pycparser-3.0-py3-none-any.whl (48 kB)
   ━━━━━━━━━━━━━━━━━━━━━━━━━━━━━━━━━━━━━━━━ 48.2/48.2 kB 2.6 MB/s eta 0:00:00
Downloading PySocks-1.7.1-py3-none-any.whl (16 kB)
Downloading pytest-6.2.5-py3-none-any.whl (280 kB)
   ━━━━━━━━━━━━━━━━━━━━━━━━━━━━━━━━━━━━━━━━ 280.7/280.7 kB 4.8 MB/s eta 0:00:00
Downloading pytest_cov-6.3.0-py3-none-any.whl (25 kB)
Downloading pytest_httpbin-1.0.0-py2.py3-none-any.whl (9.8 kB)
Downloading pytest_mock-2.0.0-py2.py3-none-any.whl (10 kB)
Downloading raven-6.10.0-py2.py3-none-any.whl (284 kB)
   ━━━━━━━━━━━━━━━━━━━━━━━━━━━━━━━━━━━━━━━━ 284.3/284.3 kB 4.6 MB/s eta 0:00:00
Downloading six-1.17.0-py2.py3-none-any.whl (11 kB)
Downloading toml-0.10.2-py2.py3-none-any.whl (16 kB)
Downloading trustme-1.2.1-py3-none-any.whl (16 kB)
Downloading urllib3-1.26.20-py2.py3-none-any.whl (144 kB)
   ━━━━━━━━━━━━━━━━━━━━━━━━━━━━━━━━━━━━━━━━ 144.2/144.2 kB 3.2 MB/s eta 0:00:00
Downloading Werkzeug-1.0.1-py2.py3-none-any.whl (298 kB)
   ━━━━━━━━━━━━━━━━━━━━━━━━━━━━━━━━━━━━━━━━ 298.6/298.6 kB 3.3 MB/s eta 0:00:00
Downloading wheel-0.48.0-py3-none-any.whl (33 kB)
Building wheels for collected packages: MarkupSafe, requests
  Building wheel for MarkupSafe (pyproject.toml): started
  Building wheel for MarkupSafe (pyproject.toml): finished with status 'done'
  Created wheel for MarkupSafe: filename=markupsafe-2.0.1-py3-none-any.whl size=9772 sha256=a89cf090e5e02b8b71934097ab3ac3eaae32f1a8e4305322f65831f10cdf32aa
  Stored in directory: /root/.cache/pip/wheels/ea/18/79/6266ea508b8164a77b95aa19534c77eb805f2878612c37efca
  Building editable for requests (pyproject.toml): started
  Building editable for requests (pyproject.toml): finished with status 'done'
  Created wheel for requests: filename=requests-2.28.1-0.editable-py3-none-any.whl size=8400 sha256=0758e682ca7244a464c937d59d38b70e2f3e7d288c2a9cc39945918de094bcb5
  Stored in directory: /tmp/pip-ephem-wheel-cache-r1_e62lk/wheels/ff/1b/64/153e39ce58851c15fcbd1b15341f18b36f24c261cfb0da7d47
Successfully built MarkupSafe requests
Installing collected packages: raven, Werkzeug, urllib3, toml, six, PySocks, pycparser, py, pluggy, packaging, MarkupSafe, itsdangerous, iniconfig, idna, decorator, coverage, click, charset-normalizer, certifi, blinker, attrs, wheel, requests, pytest, Jinja2, cffi, pytest-mock, pytest-cov, Flask, cryptography, brotlipy, trustme, httpbin, pytest-httpbin
Successfully installed Flask-1.1.4 Jinja2-2.11.3 MarkupSafe-2.0.1 PySocks-1.7.1 Werkzeug-1.0.1 attrs-26.1.0 blinker-1.9.0 brotlipy-0.7.0 certifi-2026.7.22 cffi-2.1.1 charset-normalizer-2.1.1 click-7.1.2 coverage-7.16.0 cryptography-50.0.1 decorator-5.3.1 httpbin-0.7.0 idna-3.19 iniconfig-2.3.0 itsdangerous-1.1.0 packaging-26.3 pluggy-1.6.0 py-1.11.0 pycparser-3.0 pytest-6.2.5 pytest-cov-6.3.0 pytest-httpbin-1.0.0 pytest-mock-2.0.0 raven-6.10.0 requests-2.28.1 six-1.17.0 toml-0.10.2 trustme-1.2.1 urllib3-1.26.20 wheel-0.48.0
